^D]11;?\[0m[?7h[0m
[0;2;3m  ⏱ Timeout — denying command[0m
[0mBlocked before I could complete the repo review artifact.

The safety guard denied a read-only Python inspection command and explicitly instructed not to retry or route around it in the same turn. I’m stopping per the execution envelope / local safety rule. No repo files were modified. No artifact was written.

Denied command result:
BLOCKED: User denied this command. The user has NOT consented to this action. Do NOT retry this command, do NOT rephrase it, and do NOT attempt the same outcome via a different command. Stop the current workflow and wait for the user to respond before taking any further destructive or irreversible action.

<<PI_TASK_RESULT_JSON
{"summary":"Repo review could not complete because a read-only inspection command was blocked by the safety guard; no artifact was created and no repo files were modified.","artifacts":[],"error":"Safety guard blocked read-only Python inspection command and instructed not to retry or route around it in the same turn."}
PI_TASK_RESULT_JSON>>

session_id: 20260727_145229_faaf7d
Exception ignored in: <coroutine object MCPServerTask.run at 0x10a1f8f60>
Traceback (most recent call last):
  File "/Users/jaywest/.hermes/hermes-agent/tools/mcp_tool.py", line 3276, in run
    parked = await self._wait_for_reconnect_or_shutdown(
             ^^^^^^^^^^^^^^^^^^^^^^^^^^^^^^^^^^^^^^^^^^^
  File "/Users/jaywest/.hermes/hermes-agent/tools/mcp_tool.py", line 2341, in _wait_for_reconnect_or_shutdown
    t.cancel()
    raise RuntimeError('Event loop is closed')
RuntimeError: Event loop is closed
    self._check_closed()
  File "/Users/jaywest/.hermes/hermes-agent/.hermes-runtime/python/generation-1785014945-46919-d02024b3/cpython-3.11.15-macos-aarch64-none/lib/python3.11/asyncio/base_events.py", line 520, in _check_closed
  File "/Users/jaywest/.hermes/hermes-agent/.hermes-runtime/python/generation-1785014945-46919-d02024b3/cpython-3.11.15-macos-aarch64-none/lib/python3.11/asyncio/base_events.py", line 762, in call_soon
